filename
/Users/stephanie/Dropbox/K2/K2sc/EPIC_210491860_mast.fits
/Users/stephanie/Dropbox/K2/K2sc/EPIC_210551925_mast.fits
/Users/stephanie/Dropbox/K2/K2sc/EPIC_210552148_mast.fits
/Users/stephanie/Dropbox/K2/K2sc/EPIC_210554781_mast.fits
/Users/stephanie/Dropbox/K2/K2sc/EPIC_210558541_mast.fits
/Users/stephanie/Dropbox/K2/K2sc/EPIC_210566619_mast.fits
/Users/stephanie/Dropbox/K2/K2sc/EPIC_210596446_mast.fits
/Users/stephanie/Dropbox/K2/K2sc/EPIC_210640966_mast.fits
/Users/stephanie/Dropbox/K2/K2sc/EPIC_210651981_mast.fits
/Users/stephanie/Dropbox/K2/K2sc/EPIC_210652965_mast.fits
/Users/stephanie/Dropbox/K2/K2sc/EPIC_210666330_mast.fits
/Users/stephanie/Dropbox/K2/K2sc/EPIC_210667985_mast.fits
/Users/stephanie/Dropbox/K2/K2sc/EPIC_210674207_mast.fits
/Users/stephanie/Dropbox/K2/K2sc/EPIC_210709514_mast.fits
/Users/stephanie/Dropbox/K2/K2sc/EPIC_210718930_mast.fits
/Users/stephanie/Dropbox/K2/K2sc/EPIC_210721261_mast.fits
/Users/stephanie/Dropbox/K2/K2sc/EPIC_210726910_mast.fits
/Users/stephanie/Dropbox/K2/K2sc/EPIC_210741091_mast.fits
/Users/stephanie/Dropbox/K2/K2sc/EPIC_210742017_mast.fits
