filename
data/K2SFF/hlsp_k2sff_k2_lightcurve_210491860-c13_kepler_v1_llc.fits
data/K2SFF/hlsp_k2sff_k2_lightcurve_210551925-c13_kepler_v1_llc.fits
data/K2SFF/hlsp_k2sff_k2_lightcurve_210552148-c13_kepler_v1_llc.fits
data/K2SFF/hlsp_k2sff_k2_lightcurve_210554781-c13_kepler_v1_llc.fits
data/K2SFF/hlsp_k2sff_k2_lightcurve_210558541-c13_kepler_v1_llc.fits
data/K2SFF/hlsp_k2sff_k2_lightcurve_210566619-c13_kepler_v1_llc.fits
data/K2SFF/hlsp_k2sff_k2_lightcurve_210596446-c13_kepler_v1_llc.fits
data/K2SFF/hlsp_k2sff_k2_lightcurve_210640966-c13_kepler_v1_llc.fits
data/K2SFF/hlsp_k2sff_k2_lightcurve_210651981-c13_kepler_v1_llc.fits
data/K2SFF/hlsp_k2sff_k2_lightcurve_210652965-c13_kepler_v1_llc.fits
data/K2SFF/hlsp_k2sff_k2_lightcurve_210666330-c13_kepler_v1_llc.fits
data/K2SFF/hlsp_k2sff_k2_lightcurve_210667985-c13_kepler_v1_llc.fits
data/K2SFF/hlsp_k2sff_k2_lightcurve_210674207-c13_kepler_v1_llc.fits
data/K2SFF/hlsp_k2sff_k2_lightcurve_210709514-c13_kepler_v1_llc.fits
data/K2SFF/hlsp_k2sff_k2_lightcurve_210718930-c13_kepler_v1_llc.fits
data/K2SFF/hlsp_k2sff_k2_lightcurve_210721261-c13_kepler_v1_llc.fits
data/K2SFF/hlsp_k2sff_k2_lightcurve_210726910-c13_kepler_v1_llc.fits
data/K2SFF/hlsp_k2sff_k2_lightcurve_210741091-c13_kepler_v1_llc.fits
data/K2SFF/hlsp_k2sff_k2_lightcurve_210742017-c13_kepler_v1_llc.fits
data/K2SFF/hlsp_k2sff_k2_lightcurve_210743724-c13_kepler_v1_llc.fits
data/K2SFF/hlsp_k2sff_k2_lightcurve_210754620-c13_kepler_v1_llc.fits
data/K2SFF/hlsp_k2sff_k2_lightcurve_210772187-c13_kepler_v1_llc.fits
data/K2SFF/hlsp_k2sff_k2_lightcurve_210828490-c13_kepler_v1_llc.fits
data/K2SFF/hlsp_k2sff_k2_lightcurve_210834592-c13_kepler_v1_llc.fits
data/K2SFF/hlsp_k2sff_k2_lightcurve_210835057-c13_kepler_v1_llc.fits
data/K2SFF/hlsp_k2sff_k2_lightcurve_210846111-c13_kepler_v1_llc.fits
data/K2SFF/hlsp_k2sff_k2_lightcurve_210871016-c13_kepler_v1_llc.fits
data/K2SFF/hlsp_k2sff_k2_lightcurve_210878579-c13_kepler_v1_llc.fits
data/K2SFF/hlsp_k2sff_k2_lightcurve_210889984-c13_kepler_v1_llc.fits
data/K2SFF/hlsp_k2sff_k2_lightcurve_210899231-c13_kepler_v1_llc.fits
data/K2SFF/hlsp_k2sff_k2_lightcurve_210899260-c13_kepler_v1_llc.fits
data/K2SFF/hlsp_k2sff_k2_lightcurve_210923016-c13_kepler_v1_llc.fits
data/K2SFF/hlsp_k2sff_k2_lightcurve_210945848-c13_kepler_v1_llc.fits
data/K2SFF/hlsp_k2sff_k2_lightcurve_210949810-c13_kepler_v1_llc.fits
data/K2SFF/hlsp_k2sff_k2_lightcurve_246624367-c13_kepler_v1_llc.fits
data/K2SFF/hlsp_k2sff_k2_lightcurve_246625561-c13_kepler_v1_llc.fits
data/K2SFF/hlsp_k2sff_k2_lightcurve_246642267-c13_kepler_v1_llc.fits
data/K2SFF/hlsp_k2sff_k2_lightcurve_246677610-c13_kepler_v1_llc.fits
data/K2SFF/hlsp_k2sff_k2_lightcurve_246690477-c13_kepler_v1_llc.fits
data/K2SFF/hlsp_k2sff_k2_lightcurve_246707008-c13_kepler_v1_llc.fits
data/K2SFF/hlsp_k2sff_k2_lightcurve_246714118-c13_kepler_v1_llc.fits
data/K2SFF/hlsp_k2sff_k2_lightcurve_246732310-c13_kepler_v1_llc.fits
data/K2SFF/hlsp_k2sff_k2_lightcurve_246735080-c13_kepler_v1_llc.fits
data/K2SFF/hlsp_k2sff_k2_lightcurve_246752527-c13_kepler_v1_llc.fits
data/K2SFF/hlsp_k2sff_k2_lightcurve_246768912-c13_kepler_v1_llc.fits
data/K2SFF/hlsp_k2sff_k2_lightcurve_246777832-c13_kepler_v1_llc.fits
data/K2SFF/hlsp_k2sff_k2_lightcurve_246787471-c13_kepler_v1_llc.fits
data/K2SFF/hlsp_k2sff_k2_lightcurve_246794704-c13_kepler_v1_llc.fits
data/K2SFF/hlsp_k2sff_k2_lightcurve_246806983-c13_kepler_v1_llc.fits
data/K2SFF/hlsp_k2sff_k2_lightcurve_246807491-c13_kepler_v1_llc.fits
data/K2SFF/hlsp_k2sff_k2_lightcurve_246808055-c13_kepler_v1_llc.fits
data/K2SFF/hlsp_k2sff_k2_lightcurve_246816464-c13_kepler_v1_llc.fits
data/K2SFF/hlsp_k2sff_k2_lightcurve_246838465-c13_kepler_v1_llc.fits
data/K2SFF/hlsp_k2sff_k2_lightcurve_246846196-c13_kepler_v1_llc.fits
data/K2SFF/hlsp_k2sff_k2_lightcurve_246862801-c13_kepler_v1_llc.fits
data/K2SFF/hlsp_k2sff_k2_lightcurve_246863569-c13_kepler_v1_llc.fits
data/K2SFF/hlsp_k2sff_k2_lightcurve_246865157-c13_kepler_v1_llc.fits
data/K2SFF/hlsp_k2sff_k2_lightcurve_246875518-c13_kepler_v1_llc.fits
data/K2SFF/hlsp_k2sff_k2_lightcurve_246878254-c13_kepler_v1_llc.fits
data/K2SFF/hlsp_k2sff_k2_lightcurve_246884081-c13_kepler_v1_llc.fits
data/K2SFF/hlsp_k2sff_k2_lightcurve_246900928-c13_kepler_v1_llc.fits
data/K2SFF/hlsp_k2sff_k2_lightcurve_246911984-c13_kepler_v1_llc.fits
data/K2SFF/hlsp_k2sff_k2_lightcurve_246928683-c13_kepler_v1_llc.fits
data/K2SFF/hlsp_k2sff_k2_lightcurve_246931087-c13_kepler_v1_llc.fits
data/K2SFF/hlsp_k2sff_k2_lightcurve_246953721-c13_kepler_v1_llc.fits
data/K2SFF/hlsp_k2sff_k2_lightcurve_246953884-c13_kepler_v1_llc.fits
data/K2SFF/hlsp_k2sff_k2_lightcurve_246971978-c13_kepler_v1_llc.fits
data/K2SFF/hlsp_k2sff_k2_lightcurve_246981320-c13_kepler_v1_llc.fits
data/K2SFF/hlsp_k2sff_k2_lightcurve_246984590-c13_kepler_v1_llc.fits
data/K2SFF/hlsp_k2sff_k2_lightcurve_246990037-c13_kepler_v1_llc.fits
data/K2SFF/hlsp_k2sff_k2_lightcurve_246996958-c13_kepler_v1_llc.fits
data/K2SFF/hlsp_k2sff_k2_lightcurve_247002634-c13_kepler_v1_llc.fits
data/K2SFF/hlsp_k2sff_k2_lightcurve_247013709-c13_kepler_v1_llc.fits
data/K2SFF/hlsp_k2sff_k2_lightcurve_247019334-c13_kepler_v1_llc.fits
data/K2SFF/hlsp_k2sff_k2_lightcurve_247032724-c13_kepler_v1_llc.fits
data/K2SFF/hlsp_k2sff_k2_lightcurve_247069684-c13_kepler_v1_llc.fits
data/K2SFF/hlsp_k2sff_k2_lightcurve_247072635-c13_kepler_v1_llc.fits
data/K2SFF/hlsp_k2sff_k2_lightcurve_247094343-c13_kepler_v1_llc.fits
data/K2SFF/hlsp_k2sff_k2_lightcurve_247110096-c13_kepler_v1_llc.fits
data/K2SFF/hlsp_k2sff_k2_lightcurve_247122957-c13_kepler_v1_llc.fits
data/K2SFF/hlsp_k2sff_k2_lightcurve_247134293-c13_kepler_v1_llc.fits
data/K2SFF/hlsp_k2sff_k2_lightcurve_247139505-c13_kepler_v1_llc.fits
data/K2SFF/hlsp_k2sff_k2_lightcurve_247144105-c13_kepler_v1_llc.fits
data/K2SFF/hlsp_k2sff_k2_lightcurve_247153621-c13_kepler_v1_llc.fits
data/K2SFF/hlsp_k2sff_k2_lightcurve_247164626-c13_kepler_v1_llc.fits
data/K2SFF/hlsp_k2sff_k2_lightcurve_247167923-c13_kepler_v1_llc.fits
data/K2SFF/hlsp_k2sff_k2_lightcurve_247171832-c13_kepler_v1_llc.fits
data/K2SFF/hlsp_k2sff_k2_lightcurve_247185579-c13_kepler_v1_llc.fits
data/K2SFF/hlsp_k2sff_k2_lightcurve_247199130-c13_kepler_v1_llc.fits
data/K2SFF/hlsp_k2sff_k2_lightcurve_247218216-c13_kepler_v1_llc.fits
data/K2SFF/hlsp_k2sff_k2_lightcurve_247230044-c13_kepler_v1_llc.fits
data/K2SFF/hlsp_k2sff_k2_lightcurve_247254123-c13_kepler_v1_llc.fits
data/K2SFF/hlsp_k2sff_k2_lightcurve_247282522-c13_kepler_v1_llc.fits
data/K2SFF/hlsp_k2sff_k2_lightcurve_247288261-c13_kepler_v1_llc.fits
data/K2SFF/hlsp_k2sff_k2_lightcurve_247297768-c13_kepler_v1_llc.fits
data/K2SFF/hlsp_k2sff_k2_lightcurve_247306074-c13_kepler_v1_llc.fits
data/K2SFF/hlsp_k2sff_k2_lightcurve_247308468-c13_kepler_v1_llc.fits
data/K2SFF/hlsp_k2sff_k2_lightcurve_247318877-c13_kepler_v1_llc.fits
data/K2SFF/hlsp_k2sff_k2_lightcurve_247337843-c13_kepler_v1_llc.fits
data/K2SFF/hlsp_k2sff_k2_lightcurve_247363759-c13_kepler_v1_llc.fits
data/K2SFF/hlsp_k2sff_k2_lightcurve_247369717-c13_kepler_v1_llc.fits
data/K2SFF/hlsp_k2sff_k2_lightcurve_247381505-c13_kepler_v1_llc.fits
data/K2SFF/hlsp_k2sff_k2_lightcurve_247395996-c13_kepler_v1_llc.fits
data/K2SFF/hlsp_k2sff_k2_lightcurve_247441866-c13_kepler_v1_llc.fits
data/K2SFF/hlsp_k2sff_k2_lightcurve_247444723-c13_kepler_v1_llc.fits
data/K2SFF/hlsp_k2sff_k2_lightcurve_247523445-c13_kepler_v1_llc.fits
data/K2SFF/hlsp_k2sff_k2_lightcurve_247556609-c13_kepler_v1_llc.fits
data/K2SFF/hlsp_k2sff_k2_lightcurve_247560983-c13_kepler_v1_llc.fits
data/K2SFF/hlsp_k2sff_k2_lightcurve_247589423-c13_kepler_v1_llc.fits
data/K2SFF/hlsp_k2sff_k2_lightcurve_247592661-c13_kepler_v1_llc.fits
data/K2SFF/hlsp_k2sff_k2_lightcurve_247603230-c13_kepler_v1_llc.fits
data/K2SFF/hlsp_k2sff_k2_lightcurve_247610046-c13_kepler_v1_llc.fits
data/K2SFF/hlsp_k2sff_k2_lightcurve_247611242-c13_kepler_v1_llc.fits
data/K2SFF/hlsp_k2sff_k2_lightcurve_247641327-c13_kepler_v1_llc.fits
data/K2SFF/hlsp_k2sff_k2_lightcurve_247649755-c13_kepler_v1_llc.fits
data/K2SFF/hlsp_k2sff_k2_lightcurve_247744104-c13_kepler_v1_llc.fits
data/K2SFF/hlsp_k2sff_k2_lightcurve_247755982-c13_kepler_v1_llc.fits
data/K2SFF/hlsp_k2sff_k2_lightcurve_247783757-c13_kepler_v1_llc.fits
data/K2SFF/hlsp_k2sff_k2_lightcurve_247793419-c13_kepler_v1_llc.fits
data/K2SFF/hlsp_k2sff_k2_lightcurve_247796367-c13_kepler_v1_llc.fits
data/K2SFF/hlsp_k2sff_k2_lightcurve_247799152-c13_kepler_v1_llc.fits
data/K2SFF/hlsp_k2sff_k2_lightcurve_247813004-c13_kepler_v1_llc.fits
data/K2SFF/hlsp_k2sff_k2_lightcurve_247829435-c13_kepler_v1_llc.fits
data/K2SFF/hlsp_k2sff_k2_lightcurve_247857331-c13_kepler_v1_llc.fits
data/K2SFF/hlsp_k2sff_k2_lightcurve_247862511-c13_kepler_v1_llc.fits
data/K2SFF/hlsp_k2sff_k2_lightcurve_247864824-c13_kepler_v1_llc.fits
data/K2SFF/hlsp_k2sff_k2_lightcurve_247899959-c13_kepler_v1_llc.fits
data/K2SFF/hlsp_k2sff_k2_lightcurve_247969085-c13_kepler_v1_llc.fits
data/K2SFF/hlsp_k2sff_k2_lightcurve_247970815-c13_kepler_v1_llc.fits
data/K2SFF/hlsp_k2sff_k2_lightcurve_248045685-c13_kepler_v1_llc.fits
data/K2SFF/hlsp_k2sff_k2_lightcurve_248170923-c13_kepler_v1_llc.fits
data/K2SFF/hlsp_k2sff_k2_lightcurve_248199652-c13_kepler_v1_llc.fits
